Archive member included because of file (symbol)

d:/program file/atmel/7.0/toolchain/avr32/avr32-gnu-toolchain/bin/../lib/gcc/avr32/4.4.7/../../../../avr32/lib/ucr2\libc.a(lib_a-memcpy.o)
                              src/ASF/avr32/drivers/flashc/flashc.o (memcpy)
d:/program file/atmel/7.0/toolchain/avr32/avr32-gnu-toolchain/bin/../lib/gcc/avr32/4.4.7/../../../../avr32/lib/ucr2\libc.a(lib_a-vsprintf.o)
                              src/ASF/avr32/components/display/dip204/dip204.o (vsprintf)
d:/program file/atmel/7.0/toolchain/avr32/avr32-gnu-toolchain/bin/../lib/gcc/avr32/4.4.7/../../../../avr32/lib/ucr2\libc.a(lib_a-impure.o)
                              d:/program file/atmel/7.0/toolchain/avr32/avr32-gnu-toolchain/bin/../lib/gcc/avr32/4.4.7/../../../../avr32/lib/ucr2\libc.a(lib_a-vsprintf.o) (_impure_ptr)
d:/program file/atmel/7.0/toolchain/avr32/avr32-gnu-toolchain/bin/../lib/gcc/avr32/4.4.7/../../../../avr32/lib/ucr2\libc.a(lib_a-vfprintf.o)
                              d:/program file/atmel/7.0/toolchain/avr32/avr32-gnu-toolchain/bin/../lib/gcc/avr32/4.4.7/../../../../avr32/lib/ucr2\libc.a(lib_a-vsprintf.o) (_vfprintf_r)
d:/program file/atmel/7.0/toolchain/avr32/avr32-gnu-toolchain/bin/../lib/gcc/avr32/4.4.7/../../../../avr32/lib/ucr2\libc.a(lib_a-wsetup.o)
                              d:/program file/atmel/7.0/toolchain/avr32/avr32-gnu-toolchain/bin/../lib/gcc/avr32/4.4.7/../../../../avr32/lib/ucr2\libc.a(lib_a-vfprintf.o) (__swsetup_r)
d:/program file/atmel/7.0/toolchain/avr32/avr32-gnu-toolchain/bin/../lib/gcc/avr32/4.4.7/../../../../avr32/lib/ucr2\libc.a(lib_a-dtoa.o)
                              d:/program file/atmel/7.0/toolchain/avr32/avr32-gnu-toolchain/bin/../lib/gcc/avr32/4.4.7/../../../../avr32/lib/ucr2\libc.a(lib_a-vfprintf.o) (_dtoa_r)
d:/program file/atmel/7.0/toolchain/avr32/avr32-gnu-toolchain/bin/../lib/gcc/avr32/4.4.7/../../../../avr32/lib/ucr2\libc.a(lib_a-fflush.o)
                              d:/program file/atmel/7.0/toolchain/avr32/avr32-gnu-toolchain/bin/../lib/gcc/avr32/4.4.7/../../../../avr32/lib/ucr2\libc.a(lib_a-vfprintf.o) (_fflush_r)
d:/program file/atmel/7.0/toolchain/avr32/avr32-gnu-toolchain/bin/../lib/gcc/avr32/4.4.7/../../../../avr32/lib/ucr2\libc.a(lib_a-findfp.o)
                              d:/program file/atmel/7.0/toolchain/avr32/avr32-gnu-toolchain/bin/../lib/gcc/avr32/4.4.7/../../../../avr32/lib/ucr2\libc.a(lib_a-vfprintf.o) (__sinit)
d:/program file/atmel/7.0/toolchain/avr32/avr32-gnu-toolchain/bin/../lib/gcc/avr32/4.4.7/../../../../avr32/lib/ucr2\libc.a(lib_a-freer.o)
                              d:/program file/atmel/7.0/toolchain/avr32/avr32-gnu-toolchain/bin/../lib/gcc/avr32/4.4.7/../../../../avr32/lib/ucr2\libc.a(lib_a-wsetup.o) (_free_r)
d:/program file/atmel/7.0/toolchain/avr32/avr32-gnu-toolchain/bin/../lib/gcc/avr32/4.4.7/../../../../avr32/lib/ucr2\libc.a(lib_a-fvwrite.o)
                              d:/program file/atmel/7.0/toolchain/avr32/avr32-gnu-toolchain/bin/../lib/gcc/avr32/4.4.7/../../../../avr32/lib/ucr2\libc.a(lib_a-vfprintf.o) (__sfvwrite_r)
d:/program file/atmel/7.0/toolchain/avr32/avr32-gnu-toolchain/bin/../lib/gcc/avr32/4.4.7/../../../../avr32/lib/ucr2\libc.a(lib_a-fwalk.o)
                              d:/program file/atmel/7.0/toolchain/avr32/avr32-gnu-toolchain/bin/../lib/gcc/avr32/4.4.7/../../../../avr32/lib/ucr2\libc.a(lib_a-fflush.o) (_fwalk_reent)
d:/program file/atmel/7.0/toolchain/avr32/avr32-gnu-toolchain/bin/../lib/gcc/avr32/4.4.7/../../../../avr32/lib/ucr2\libc.a(lib_a-locale.o)
                              d:/program file/atmel/7.0/toolchain/avr32/avr32-gnu-toolchain/bin/../lib/gcc/avr32/4.4.7/../../../../avr32/lib/ucr2\libc.a(lib_a-vfprintf.o) (_localeconv_r)
d:/program file/atmel/7.0/toolchain/avr32/avr32-gnu-toolchain/bin/../lib/gcc/avr32/4.4.7/../../../../avr32/lib/ucr2\libc.a(lib_a-makebuf.o)
                              d:/program file/atmel/7.0/toolchain/avr32/avr32-gnu-toolchain/bin/../lib/gcc/avr32/4.4.7/../../../../avr32/lib/ucr2\libc.a(lib_a-wsetup.o) (__smakebuf_r)
d:/program file/atmel/7.0/toolchain/avr32/avr32-gnu-toolchain/bin/../lib/gcc/avr32/4.4.7/../../../../avr32/lib/ucr2\libc.a(lib_a-malloc.o)
                              d:/program file/atmel/7.0/toolchain/avr32/avr32-gnu-toolchain/bin/../lib/gcc/avr32/4.4.7/../../../../avr32/lib/ucr2\libc.a(lib_a-dtoa.o) (malloc)
d:/program file/atmel/7.0/toolchain/avr32/avr32-gnu-toolchain/bin/../lib/gcc/avr32/4.4.7/../../../../avr32/lib/ucr2\libc.a(lib_a-mallocr.o)
                              d:/program file/atmel/7.0/toolchain/avr32/avr32-gnu-toolchain/bin/../lib/gcc/avr32/4.4.7/../../../../avr32/lib/ucr2\libc.a(lib_a-findfp.o) (_malloc_r)
d:/program file/atmel/7.0/toolchain/avr32/avr32-gnu-toolchain/bin/../lib/gcc/avr32/4.4.7/../../../../avr32/lib/ucr2\libc.a(lib_a-memchr.o)
[...]
Memory Configuration

Name             Origin             Length             Attributes
FLASH            0x80000000         0x00080000         axrl !w
INTRAM           0x00000004         0x0000fffc         axw !rl
USERPAGE         0x80800000         0x00000200
*default*        0x00000000         0xffffffff

Linker script and memory map

                0x00001000                _stack_size = 0x1000
LOAD src/ASF/avr32/boards/evk1100/init.o
LOAD src/ASF/avr32/boards/evk1100/led.o
LOAD src/ASF/avr32/components/display/dip204/dip204.o
LOAD src/ASF/avr32/drivers/adc/adc.o
LOAD src/ASF/avr32/drivers/flashc/flashc.o
LOAD src/ASF/avr32/drivers/gpio/gpio.o
LOAD src/ASF/avr32/drivers/intc/exception.o
LOAD src/ASF/avr32/drivers/intc/intc.o
LOAD src/ASF/avr32/drivers/pm/pm.o
LOAD src/ASF/avr32/drivers/pm/pm_conf_clocks.o
LOAD src/ASF/avr32/drivers/pm/power_clocks_lib.o
LOAD src/ASF/avr32/drivers/pwm/pwm.o
LOAD src/ASF/avr32/drivers/spi/spi.o
LOAD src/ASF/avr32/drivers/tc/tc.o
LOAD src/ASF/avr32/drivers/usart/usart.o
LOAD src/ASF/avr32/utils/debug/print_funcs.o
LOAD src/ASF/avr32/utils/startup/startup_uc3.o
LOAD src/ASF/avr32/utils/startup/trampoline_uc3.o
LOAD src/ASF/common/services/clock/uc3a0_a1/sysclk.o
LOAD src/main.o
START GROUP
LOAD d:/program file/atmel/7.0/toolchain/avr32/avr32-gnu-toolchain/bin/../lib/gcc/avr32/4.4.7/../../../../avr32/lib/ucr2\libm.a
END GROUP
LOAD d:/program file/atmel/7.0/toolchain/avr32/avr32-gnu-toolchain/bin/../lib/gcc/avr32/4.4.7/ucr2\libgcc.a
LOAD d:/program file/atmel/7.0/toolchain/avr32/avr32-gnu-toolchain/bin/../lib/gcc/avr32/4.4.7/../../../../avr32/lib/ucr2\libc.a
LOAD d:/program file/atmel/7.0/toolchain/avr32/avr32-gnu-toolchain/bin/../lib/gcc/avr32/4.4.7/ucr2\libgcc.a
                0xffffffff                __max_heap_size__ = 0xffffffff
                [0xffffffff]                __heap_size__ = DEFINED (__heap_size__)?__heap_size__:__max_heap_size__
                [0x00001000]                __stack_size__ = DEFINED (__stack_size__)?__stack_size__:0x1000
                0x80000000                PROVIDE (__executable_start, 0x80000000)
                0x80000000                . = 0x80000000

.interp
 *(.interp)

.reset          0x80000000     0x2008
 *(.reset)
 .reset         0x80000000        0x4 src/ASF/avr32/utils/startup/startup_uc3.o
                                  0x8 (size before relaxing)
                0x80000000                _start
 .reset         0x80000004     0x2004 src/ASF/avr32/utils/startup/trampoline_uc3.o
                               0x2008 (size before relaxing)
                0x80000004                _trampoline

.hash
 *(.hash)

.dynsym
 *(.dynsym)

.dynstr
 *(.dynstr)

.gnu.version
 *(.gnu.version)

.gnu.version_d
 *(.gnu.version_d)

.gnu.version_r
 *(.gnu.version_r)

.rel.init
 *(.rel.init)

.rela.init
 *(.rela.init)

.rel.text
 *(.rel.text .rel.text.* .rel.gnu.linkonce.t.*)

.rela.text
 *(.rela.text .rela.text.* .rela.gnu.linkonce.t.*)

.rel.fini
 *(.rel.fini)

.rela.fini
 *(.rela.fini)

.rel.rodata
 *(.rel.rodata .rel.rodata.* .rel.gnu.linkonce.r.*)

.rela.rodata
 *(.rela.rodata .rela.rodata.* .rela.gnu.linkonce.r.*)

.rel.data.rel.ro
 *(.rel.data.rel.ro*)

.rela.data.rel.ro
 *(.rel.data.rel.ro*)

.rel.data
 *(.rel.data .rel.data.* .rel.gnu.linkonce.d.*)

.rela.data
 *(.rela.data .rela.data.* .rela.gnu.linkonce.d.*)

.rel.tdata
 *(.rel.tdata .rel.tdata.* .rel.gnu.linkonce.td.*)

.rela.tdata
 *(.rela.tdata .rela.tdata.* .rela.gnu.linkonce.td.*)

.rel.tbss
 *(.rel.tbss .rel.tbss.* .rel.gnu.linkonce.tb.*)

.rela.tbss
 *(.rela.tbss .rela.tbss.* .rela.gnu.linkonce.tb.*)

.rel.ctors
 *(.rel.ctors)

.rela.ctors
 *(.rela.ctors)

.rel.dtors
 *(.rel.dtors)

.rela.dtors
 *(.rela.dtors)

.rel.got
 *(.rel.got)

.rela.got       0x80002008        0x0
 *(.rela.got)
 .rela.got      0x80002008        0x0 src/ASF/avr32/drivers/flashc/flashc.o

.rel.bss
 *(.rel.bss .rel.bss.* .rel.gnu.linkonce.b.*)

.rela.bss
 *(.rela.bss .rela.bss.* .rela.gnu.linkonce.b.*)

.rel.plt
 *(.rel.plt)

.rela.plt
 *(.rela.plt)

.init
 *(.init)

.plt
 *(.plt)

.text           0x80002008      0x8e4
 *(.text .stub .text.* .gnu.linkonce.t.*)
 .text.adc_configure
                0x80002008       0x12 src/ASF/avr32/drivers/adc/adc.o
                0x80002008                adc_configure
 .text.adc_start
                0x8000201a        0x6 src/ASF/avr32/drivers/adc/adc.o
                0x8000201a                adc_start
 .text.adc_enable
                0x80002020        0xa src/ASF/avr32/drivers/adc/adc.o
                0x80002020                adc_enable
 .text.adc_check_eoc
                0x8000202a       0x10 src/ASF/avr32/drivers/adc/adc.o
                0x8000202a                adc_check_eoc
 *fill*         0x8000203a        0x2 d703d703
 .text.adc_get_value
                0x8000203c       0x28 src/ASF/avr32/drivers/adc/adc.o
                0x8000203c                adc_get_value
 .text.gpio_enable_module_pin
                0x80002064       0x52 src/ASF/avr32/drivers/gpio/gpio.o
                0x80002064                gpio_enable_module_pin
 *fill*         0x800020b6        0x2 d703d703
 .text.gpio_enable_module
                0x800020b8       0x30 src/ASF/avr32/drivers/gpio/gpio.o
                0x800020b8                gpio_enable_module
 .text.gpio_tgl_gpio_pin
                0x800020e8       0x1c src/ASF/avr32/drivers/gpio/gpio.o
                0x800020e8                gpio_tgl_gpio_pin
 .text._unhandled_interrupt
                0x80002104        0x2 src/ASF/avr32/drivers/intc/intc.o
 *fill*         0x80002106        0x2 d703d703
 .text.INTC_register_interrupt
                0x80002108       0x80 src/ASF/avr32/drivers/intc/intc.o
                0x80002108                INTC_register_interrupt
 .text.INTC_init_interrupts
                0x80002188       0x54 src/ASF/avr32/drivers/intc/intc.o
                0x80002188                INTC_init_interrupts
 .text._get_interrupt_handler
                0x800021dc       0x38 src/ASF/avr32/drivers/intc/intc.o
                0x800021dc                _get_interrupt_handler
 .text.pm_set_osc0_mode
                0x80002214        0xa src/ASF/avr32/drivers/pm/pm.o
 *fill*         0x8000221e        0x2 d703d703
 .text.pm_enable_osc0_crystal
                0x80002220       0x3c src/ASF/avr32/drivers/pm/pm.o
                0x80002220                pm_enable_osc0_crystal
 .text.pm_enable_clk0_no_wait
                0x8000225c       0x10 src/ASF/avr32/drivers/pm/pm.o
                0x8000225c                pm_enable_clk0_no_wait
 .text.pm_wait_for_clk0_ready
                0x8000226c        0xa src/ASF/avr32/drivers/pm/pm.o
                0x8000226c                pm_wait_for_clk0_ready
 *fill*         0x80002276        0x2 d703d703
 .text.pm_enable_clk0
                0x80002278       0x1c src/ASF/avr32/drivers/pm/pm.o
                0x80002278                pm_enable_clk0
 .text.pm_switch_to_clock
                0x80002294        0xa src/ASF/avr32/drivers/pm/pm.o
                0x80002294                pm_switch_to_clock
 *fill*         0x8000229e        0x2 d703d703
 .text.pm_switch_to_osc0
                0x800022a0       0x2c src/ASF/avr32/drivers/pm/pm.o
                0x800022a0                pm_switch_to_osc0
 .text.pcl_switch_to_osc
                0x800022cc       0x1c src/ASF/avr32/drivers/pm/power_clocks_lib.o
                0x800022cc                pcl_switch_to_osc
 .text.tc_init_waveform
                0x800022e8       0x9c src/ASF/avr32/drivers/tc/tc.o
                0x800022e8                tc_init_waveform
 .text.tc_start
                0x80002384       0x12 src/ASF/avr32/drivers/tc/tc.o
                0x80002384                tc_start
 .text.tc_read_sr
                0x80002396       0x12 src/ASF/avr32/drivers/tc/tc.o
                0x80002396                tc_read_sr
 .text.tc_write_rc
                0x800023a8       0x34 src/ASF/avr32/drivers/tc/tc.o
                0x800023a8                tc_write_rc
 .text.tc_configure_interrupts
                0x800023dc      0x108 src/ASF/avr32/drivers/tc/tc.o
                0x800023dc                tc_configure_interrupts
 .text.usart_set_async_baudrate
                0x800024e4       0x5a src/ASF/avr32/drivers/usart/usart.o
 .text.usart_reset
                0x8000253e       0x2c src/ASF/avr32/drivers/usart/usart.o
                0x8000253e                usart_reset
 *fill*         0x8000256a        0x2 d703d703
 .text.usart_init_rs232
                0x8000256c       0xcc src/ASF/avr32/drivers/usart/usart.o
                0x8000256c                usart_init_rs232
 .text.init_dbg_rs232_ex
                0x80002638       0x40 src/ASF/avr32/utils/debug/print_funcs.o
                0x80002638                init_dbg_rs232_ex
 .text._stext   0x80002678       0x3c src/ASF/avr32/utils/startup/startup_uc3.o
                                 0x50 (size before relaxing)
                0x80002678                _stext
 .text.usart_int_handler
                0x800026b4       0x20 src/main.o
 .text.init_tc  0x800026d4       0x74 src/main.o
                0x800026d4                init_tc
 .text.tc_irq   0x80002748       0x30 src/main.o
 .text.init_adc
                0x80002778       0x58 src/main.o
                0x80002778                init_adc
 .text.init_usart1
                0x800027d0       0x44 src/main.o
                0x800027d0                init_usart1
 .text.initialization
                0x80002814       0x34 src/main.o
                0x80002814                initialization
 .text.main     0x80002848       0xa4 src/main.o
                0x80002848                main
 *(.text.*personality*)
 *(.gnu.warning)

.exception      0x80002a00      0x200
 .exception     0x80002a00      0x200 src/ASF/avr32/drivers/intc/exception.o
                0x80002a00                _evba
                0x80002b04                _int0
                0x80002b12                _int1
                0x80002b20                _int2
                0x80002b2e                _int3

.fini
 *(.fini)
                0x80002c00                PROVIDE (__etext, .)
                0x80002c00                PROVIDE (_etext, .)
                0x80002c00                PROVIDE (etext, .)

.rodata         0x80002c00       0xdc
 *(.rodata .rodata.* .gnu.linkonce.r.*)
 .rodata._int_handler_table
                0x80002c00       0xa0 src/ASF/avr32/drivers/intc/intc.o
 .rodata.DBG_USART_GPIO_MAP.10878
                0x80002ca0       0x10 src/ASF/avr32/utils/debug/print_funcs.o
 .rodata.USART_GPIO_MAP.12254
                0x80002cb0       0x10 src/main.o
 .rodata.WAVEFORM_OPT.12288
                0x80002cc0        0x8 src/main.o
 .rodata.C.69.12282
                0x80002cc8       0x10 src/main.o
 .rodata.TC_INTERRUPT.12289
                0x80002cd8        0x4 src/main.o

.rodata1
 *(.rodata1)

.eh_frame_hdr
 *(.eh_frame_hdr)

.eh_frame
 *(.eh_frame)

.gcc_except_table
 *(.gcc_except_table)
 *(.gcc_except_table.*)

.lalign         0x80002cdc        0x4
                0x80002ce0                . = ALIGN (0x8)
 *fill*         0x80002cdc        0x4 
                0x80002ce0                PROVIDE (_data_lma, .)
                0x00000004                . = ORIGIN (INTRAM)

.dalign         0x00000004        0x4
                0x00000008                . = ALIGN (0x8)
 *fill*         0x00000004        0x4 
                0x00000008                PROVIDE (_data, .)

.eh_frame
 *(.eh_frame)

.gcc_except_table
 *(.gcc_except_table)
 *(.gcc_except_table.*)

.tdata
 *(.tdata .tdata.* .gnu.linkonce.td.*)

.tbss
 *(.tbss .tbss.* .gnu.linkonce.tb.*)
 *(.tcommon)
                0x00000008                PROVIDE (__preinit_array_start, ALIGN (0x4))

.preinit_array
 *(.preinit_array)
                0x00000008                PROVIDE (__preinit_array_end, .)
                0x00000008                PROVIDE (__init_array_start, .)

.init_array
 *(.init_array)
                0x00000008                PROVIDE (__init_array_end, .)
                0x00000008                PROVIDE (__fini_array_start, .)

.fini_array
 *(.fini_array)
                0x00000008                PROVIDE (__fini_array_end, .)

.ctors
 *crtbegin*.o(.ctors)
 *(EXCLUDE_FILE(*crtend*.o) .ctors)
 *(SORT(.ctors.*))
 *(.ctors)

.dtors
 *crtbegin*.o(.dtors)
 *(EXCLUDE_FILE(*crtend*.o) .dtors)
 *(SORT(.dtors.*))
 *(.dtors)

.jcr
 *(.jcr)

.data.rel.ro
 *(.data.rel.ro.local)
 *(.data.rel.ro*)

.dynamic
 *(.dynamic)

.got
 *(.got.plt)
 *(.got)

.ramtext
 *(.ramtext .ramtext.*)

.ddalign        0x00000008        0x0 load address 0x80002ce0
                0x00000008                . = ALIGN (0x8)

.data           0x00000008        0x4 load address 0x80002ce0
 *(.data .data.* .gnu.linkonce.d.*)
 .data.tc       0x00000008        0x4 src/main.o
                0x00000008                tc
 *(.gnu.linkonce.d.*personality*)

.data1
 *(.data1)

.balign         0x0000000c        0x4 load address 0x80002ce4
                0x00000010                . = ALIGN (0x8)
 *fill*         0x0000000c        0x4 
                0x00000010                PROVIDE (_edata, .)
                0x00000010                PROVIDE (edata, .)
                0x00000010                __bss_start = .

.bss            0x00000010      0x100
 *(.dynbss)
 *(.bss .bss.* .gnu.linkonce.b.*)
 .bss._int_line_handler_table_6
                0x00000010        0x4 src/ASF/avr32/drivers/intc/intc.o
 .bss._int_line_handler_table_7
                0x00000014        0x4 src/ASF/avr32/drivers/intc/intc.o
 .bss._int_line_handler_table_8
                0x00000018        0x4 src/ASF/avr32/drivers/intc/intc.o
 .bss._int_line_handler_table_9
                0x0000001c        0x4 src/ASF/avr32/drivers/intc/intc.o
 .bss._int_line_handler_table_10
                0x00000020        0x4 src/ASF/avr32/drivers/intc/intc.o
 .bss._int_line_handler_table_11
                0x00000024        0x4 src/ASF/avr32/drivers/intc/intc.o
 .bss._int_line_handler_table_12
                0x00000028        0x4 src/ASF/avr32/drivers/intc/intc.o
 .bss._int_line_handler_table_13
                0x0000002c        0x4 src/ASF/avr32/drivers/intc/intc.o
 .bss._int_line_handler_table_14
                0x00000030        0xc src/ASF/avr32/drivers/intc/intc.o
 .bss._int_line_handler_table_15
                0x0000003c        0x4 src/ASF/avr32/drivers/intc/intc.o
 .bss._int_line_handler_table_16
                0x00000040        0x4 src/ASF/avr32/drivers/intc/intc.o
 .bss._int_line_handler_table_17
                0x00000044        0x4 src/ASF/avr32/drivers/intc/intc.o
 .bss._int_line_handler_table_18
                0x00000048        0x4 src/ASF/avr32/drivers/intc/intc.o
 .bss._int_line_handler_table_19
                0x0000004c        0x4 src/ASF/avr32/drivers/intc/intc.o
 .bss._int_line_handler_table_0
                0x00000050        0x4 src/ASF/avr32/drivers/intc/intc.o
 .bss._int_line_handler_table_1
                0x00000054       0x2c src/ASF/avr32/drivers/intc/intc.o
 .bss._int_line_handler_table_2
                0x00000080       0x38 src/ASF/avr32/drivers/intc/intc.o
 .bss._int_line_handler_table_3
                0x000000b8       0x3c src/ASF/avr32/drivers/intc/intc.o
 .bss._int_line_handler_table_4
                0x000000f4        0x4 src/ASF/avr32/drivers/intc/intc.o
 .bss._int_line_handler_table_5
                0x000000f8        0x4 src/ASF/avr32/drivers/intc/intc.o
 .bss.aqcuisition
                0x000000fc        0x4 src/main.o
                0x000000fc                aqcuisition
 *(COMMON)
 COMMON         0x00000100        0xc src/main.o
                0x00000100                SENSOR_LIGHT_HAS_VALUE
                0x00000104                SENSOR_POT_HAS_VALUE
                0x00000108                char_recu
                0x00000110                . = ALIGN (0x8)
 *fill*         0x0000010c        0x4 
                0x00000110                . = ALIGN (0x8)
                0x00000110                _end = .
                0x00000110                PROVIDE (end, .)
                0x00000110                __heap_start__ = ALIGN (0x8)

.heap           0x00000110     0xeef0
 *(.heap)
                0x0000eef0                . = (__heap_size__ == __max_heap_size__)?(((ORIGIN (INTRAM) + 0xfffc) - __stack_size__) - ABSOLUTE (.)):__heap_size__
 *fill*         0x00000110     0xeef0 
                0x0000f000                __heap_end__ = .

.stab
 *(.stab)

.stabstr
 *(.stabstr)

.stab.excl
 *(.stab.excl)

.stab.exclstr
 *(.stab.exclstr)

.stab.index
 *(.stab.index)

.stab.indexstr
 *(.stab.indexstr)

.comment        0x00000000       0x30
 *(.comment)
 .comment       0x00000000       0x30 src/ASF/avr32/drivers/adc/adc.o
                                 0x31 (size before relaxing)
 .comment       0x00000000       0x31 src/ASF/avr32/drivers/gpio/gpio.o
 .comment       0x00000000       0x31 src/ASF/avr32/drivers/intc/intc.o
 .comment       0x00000000       0x31 src/ASF/avr32/drivers/pm/pm.o
 .comment       0x00000000       0x31 src/ASF/avr32/drivers/pm/power_clocks_lib.o
 .comment       0x00000000       0x31 src/ASF/avr32/drivers/tc/tc.o
 .comment       0x00000000       0x31 src/ASF/avr32/drivers/usart/usart.o
 .comment       0x00000000       0x31 src/ASF/avr32/utils/debug/print_funcs.o
 .comment       0x00000000       0x31 src/main.o

.debug
 *(.debug)

.line
 *(.line)

.debug_srcinfo
 *(.debug_srcinfo)

.debug_sfnames
 *(.debug_sfnames)

.debug_aranges  0x00000000      0x630
 *(.debug_aranges)
 .debug_aranges
                0x00000000       0x60 src/ASF/avr32/drivers/adc/adc.o
 .debug_aranges
                0x00000060      0x100 src/ASF/avr32/drivers/gpio/gpio.o
 .debug_aranges
                0x00000160       0x20 src/ASF/avr32/drivers/intc/exception.o
 .debug_aranges
                0x00000180       0x38 src/ASF/avr32/drivers/intc/intc.o
 .debug_aranges
                0x000001b8      0x190 src/ASF/avr32/drivers/pm/pm.o
 .debug_aranges
                0x00000348       0x40 src/ASF/avr32/drivers/pm/power_clocks_lib.o
 .debug_aranges
                0x00000388       0xa8 src/ASF/avr32/drivers/tc/tc.o
 .debug_aranges
                0x00000430       0xe0 src/ASF/avr32/drivers/usart/usart.o
 .debug_aranges
                0x00000510       0x88 src/ASF/avr32/utils/debug/print_funcs.o
 .debug_aranges
                0x00000598       0x28 src/ASF/avr32/utils/startup/startup_uc3.o
 .debug_aranges
                0x000005c0       0x20 src/ASF/avr32/utils/startup/trampoline_uc3.o
 .debug_aranges
                0x000005e0       0x50 src/main.o

.debug_pubnames
                0x00000000      0xdff
 *(.debug_pubnames)
 .debug_pubnames
                0x00000000       0xb3 src/ASF/avr32/drivers/adc/adc.o
 .debug_pubnames
                0x000000b3      0x330 src/ASF/avr32/drivers/gpio/gpio.o
 .debug_pubnames
                0x000003e3       0x62 src/ASF/avr32/drivers/intc/intc.o
 .debug_pubnames
                0x00000445      0x3ee src/ASF/avr32/drivers/pm/pm.o
 .debug_pubnames
                0x00000833       0x82 src/ASF/avr32/drivers/pm/power_clocks_lib.o
 .debug_pubnames
                0x000008b5      0x164 src/ASF/avr32/drivers/tc/tc.o
 .debug_pubnames
                0x00000a19      0x227 src/ASF/avr32/drivers/usart/usart.o
 .debug_pubnames
                0x00000c40      0x10f src/ASF/avr32/utils/debug/print_funcs.o
 .debug_pubnames
                0x00000d4f       0xb0 src/main.o

.debug_info     0x00000000     0xc00c
 *(.debug_info .gnu.linkonce.wi.*)
 .debug_info    0x00000000     0x1095 src/ASF/avr32/drivers/adc/adc.o
 .debug_info    0x00001095      0xb1b src/ASF/avr32/drivers/gpio/gpio.o
 .debug_info    0x00001bb0       0x7f src/ASF/avr32/drivers/intc/exception.o
 .debug_info    0x00001c2f      0x5b3 src/ASF/avr32/drivers/intc/intc.o
 .debug_info    0x000021e2     0x1a59 src/ASF/avr32/drivers/pm/pm.o
 .debug_info    0x00003c3b      0xf89 src/ASF/avr32/drivers/pm/power_clocks_lib.o
 .debug_info    0x00004bc4     0x1183 src/ASF/avr32/drivers/tc/tc.o
 .debug_info    0x00005d47     0x1dcf src/ASF/avr32/drivers/usart/usart.o
 .debug_info    0x00007b16     0x1681 src/ASF/avr32/utils/debug/print_funcs.o
 .debug_info    0x00009197       0x7e src/ASF/avr32/utils/startup/startup_uc3.o
 .debug_info    0x00009215       0x85 src/ASF/avr32/utils/startup/trampoline_uc3.o
 .debug_info    0x0000929a     0x2d72 src/main.o

.debug_abbrev   0x00000000     0x1422
 *(.debug_abbrev)
 .debug_abbrev  0x00000000      0x193 src/ASF/avr32/drivers/adc/adc.o
 .debug_abbrev  0x00000193      0x28b src/ASF/avr32/drivers/gpio/gpio.o
 .debug_abbrev  0x0000041e       0x14 src/ASF/avr32/drivers/intc/exception.o
 .debug_abbrev  0x00000432      0x1f2 src/ASF/avr32/drivers/intc/intc.o
 .debug_abbrev  0x00000624      0x2d1 src/ASF/avr32/drivers/pm/pm.o
 .debug_abbrev  0x000008f5      0x1cd src/ASF/avr32/drivers/pm/power_clocks_lib.o
 .debug_abbrev  0x00000ac2      0x25c src/ASF/avr32/drivers/tc/tc.o
 .debug_abbrev  0x00000d1e      0x32d src/ASF/avr32/drivers/usart/usart.o
 .debug_abbrev  0x0000104b      0x19b src/ASF/avr32/utils/debug/print_funcs.o
 .debug_abbrev  0x000011e6       0x12 src/ASF/avr32/utils/startup/startup_uc3.o
 .debug_abbrev  0x000011f8       0x14 src/ASF/avr32/utils/startup/trampoline_uc3.o
 .debug_abbrev  0x0000120c      0x216 src/main.o

.debug_line     0x00000000     0x49e5
 *(.debug_line)
 .debug_line    0x00000000      0x6a7 src/ASF/avr32/drivers/adc/adc.o
 .debug_line    0x000006a7      0x881 src/ASF/avr32/drivers/gpio/gpio.o
 .debug_line    0x00000f28      0x109 src/ASF/avr32/drivers/intc/exception.o
 .debug_line    0x00001031      0x64f src/ASF/avr32/drivers/intc/intc.o
 .debug_line    0x00001680      0x984 src/ASF/avr32/drivers/pm/pm.o
 .debug_line    0x00002004      0x680 src/ASF/avr32/drivers/pm/power_clocks_lib.o
 .debug_line    0x00002684      0x774 src/ASF/avr32/drivers/tc/tc.o
 .debug_line    0x00002df8      0x8d3 src/ASF/avr32/drivers/usart/usart.o
 .debug_line    0x000036cb      0x7d3 src/ASF/avr32/utils/debug/print_funcs.o
 .debug_line    0x00003e9e       0xf2 src/ASF/avr32/utils/startup/startup_uc3.o
 .debug_line    0x00003f90       0x67 src/ASF/avr32/utils/startup/trampoline_uc3.o
 .debug_line    0x00003ff7      0x9ee src/main.o

.debug_frame    0x00000000      0xd7c
 *(.debug_frame)
 .debug_frame   0x00000000       0xbc src/ASF/avr32/drivers/adc/adc.o
 .debug_frame   0x000000bc      0x204 src/ASF/avr32/drivers/gpio/gpio.o
 .debug_frame   0x000002c0       0x64 src/ASF/avr32/drivers/intc/intc.o
 .debug_frame   0x00000324      0x390 src/ASF/avr32/drivers/pm/pm.o
 .debug_frame   0x000006b4       0x88 src/ASF/avr32/drivers/pm/power_clocks_lib.o
 .debug_frame   0x0000073c      0x148 src/ASF/avr32/drivers/tc/tc.o
 .debug_frame   0x00000884      0x2ac src/ASF/avr32/drivers/usart/usart.o
 .debug_frame   0x00000b30      0x17c src/ASF/avr32/utils/debug/print_funcs.o
 .debug_frame   0x00000cac       0xd0 src/main.o

.debug_str      0x00000000     0x20b1
 *(.debug_str)
 .debug_str     0x00000000      0x3d3 src/ASF/avr32/drivers/adc/adc.o
                                0x41f (size before relaxing)
 .debug_str     0x000003d3      0x41c src/ASF/avr32/drivers/gpio/gpio.o
                                0x51b (size before relaxing)
 .debug_str     0x000007ef      0x37d src/ASF/avr32/drivers/intc/intc.o
                                0x46f (size before relaxing)
 .debug_str     0x00000b6c      0x7b3 src/ASF/avr32/drivers/pm/pm.o
                                0x987 (size before relaxing)
 .debug_str     0x0000131f       0xe6 src/ASF/avr32/drivers/pm/power_clocks_lib.o
                                0x523 (size before relaxing)
 .debug_str     0x00001405      0x354 src/ASF/avr32/drivers/tc/tc.o
                                0x4bc (size before relaxing)
 .debug_str     0x00001759      0x77c src/ASF/avr32/drivers/usart/usart.o
                                0x8ee (size before relaxing)
 .debug_str     0x00001ed5      0x120 src/ASF/avr32/utils/debug/print_funcs.o
                                0x62d (size before relaxing)
 .debug_str     0x00001ff5       0xbc src/main.o
                                0xa3c (size before relaxing)

.debug_loc      0x00000000     0x1e1a
 *(.debug_loc)
 .debug_loc     0x00000000      0x115 src/ASF/avr32/drivers/adc/adc.o
 .debug_loc     0x00000115      0x368 src/ASF/avr32/drivers/gpio/gpio.o
 .debug_loc     0x0000047d       0xd3 src/ASF/avr32/drivers/intc/intc.o
 .debug_loc     0x00000550      0x559 src/ASF/avr32/drivers/pm/pm.o
 .debug_loc     0x00000aa9      0x12b src/ASF/avr32/drivers/pm/power_clocks_lib.o
 .debug_loc     0x00000bd4      0x3ff src/ASF/avr32/drivers/tc/tc.o
 .debug_loc     0x00000fd3      0x9c5 src/ASF/avr32/drivers/usart/usart.o
 .debug_loc     0x00001998      0x3bc src/ASF/avr32/utils/debug/print_funcs.o
 .debug_loc     0x00001d54       0xc6 src/main.o

.debug_macinfo  0x00000000   0x85642f
 *(.debug_macinfo)
 .debug_macinfo
                0x00000000    0xec21e src/ASF/avr32/drivers/adc/adc.o
 .debug_macinfo
                0x000ec21e    0xec40e src/ASF/avr32/drivers/gpio/gpio.o
 .debug_macinfo
                0x001d862c    0xec4bb src/ASF/avr32/drivers/intc/intc.o
 .debug_macinfo
                0x002c4ae7    0xec278 src/ASF/avr32/drivers/pm/pm.o
 .debug_macinfo
                0x003b0d5f    0xec359 src/ASF/avr32/drivers/pm/power_clocks_lib.o
 .debug_macinfo
                0x0049d0b8    0xecaf3 src/ASF/avr32/drivers/tc/tc.o
 .debug_macinfo
                0x00589bab    0xec621 src/ASF/avr32/drivers/usart/usart.o
 .debug_macinfo
                0x006761cc    0xef043 src/ASF/avr32/utils/debug/print_funcs.o
 .debug_macinfo
                0x0076520f    0xf1220 src/main.o

.debug_weaknames
 *(.debug_weaknames)

.debug_funcnames
 *(.debug_funcnames)

.debug_typenames
 *(.debug_typenames)

.debug_varnames
 *(.debug_varnames)

.stack          0x0000f000     0x1000
                0x0000f000                _stack = .
 *(.stack)
                0x00001000                . = __stack_size__
 *fill*         0x0000f000     0x1000 
                0x00010000                _estack = .

.userpage
 *(.userpage .userpage.*)

/DISCARD/
 *(.note.GNU-stack)
OUTPUT(Lab1.elf elf32-avr32)

.debug_ranges   0x00000000      0x5b8
 .debug_ranges  0x00000000       0x58 src/ASF/avr32/drivers/adc/adc.o
 .debug_ranges  0x00000058       0xf8 src/ASF/avr32/drivers/gpio/gpio.o
 .debug_ranges  0x00000150       0x48 src/ASF/avr32/drivers/intc/intc.o
 .debug_ranges  0x00000198      0x188 src/ASF/avr32/drivers/pm/pm.o
 .debug_ranges  0x00000320       0x38 src/ASF/avr32/drivers/pm/power_clocks_lib.o
 .debug_ranges  0x00000358       0xa0 src/ASF/avr32/drivers/tc/tc.o
 .debug_ranges  0x000003f8       0xd8 src/ASF/avr32/drivers/usart/usart.o
 .debug_ranges  0x000004d0       0x80 src/ASF/avr32/utils/debug/print_funcs.o
 .debug_ranges  0x00000550       0x20 src/ASF/avr32/utils/startup/startup_uc3.o
 .debug_ranges  0x00000570       0x48 src/main.o
